2026-08-04 14:55:37 0 [Note] Starting MariaDB 10.11.14-MariaDB-0ubuntu0.24.04.1 source revision 053f9bcb5b147bf00edb99e1310bae9125b7f125 server_uid W5iMth6ho7Z6mTZfwVXYS5BQAvk= as process 14243
2026-08-04 14:55:37 0 [Note] InnoDB: Compressed tables use zlib 1.3
2026-08-04 14:55:37 0 [Note] InnoDB: Number of transaction pools: 1
2026-08-04 14:55:37 0 [Note] InnoDB: Using crc32 + pclmulqdq instructions
2026-08-04 14:55:37 0 [Note] InnoDB: Using io_uring
2026-08-04 14:55:37 0 [Note] InnoDB: innodb_buffer_pool_size_max=128m, innodb_buffer_pool_size=128m
2026-08-04 14:55:37 0 [Note] InnoDB: Completed initialization of buffer pool
2026-08-04 14:55:37 0 [Note] InnoDB: Buffered log writes (block size=512 bytes)
2026-08-04 14:55:37 0 [Note] InnoDB: End of log at LSN=46980
2026-08-04 14:55:37 0 [Note] InnoDB: 128 rollback segments are active.
2026-08-04 14:55:37 0 [Note] InnoDB: Setting file './ibtmp1' size to 12.000MiB. Physically writing the file full; Please wait ...
2026-08-04 14:55:37 0 [Note] InnoDB: File './ibtmp1' size is now 12.000MiB.
2026-08-04 14:55:37 0 [Note] InnoDB: log sequence number 46980; transaction id 14
2026-08-04 14:55:37 0 [Note] InnoDB: Loading buffer pool(s) from /home/codespace/Stargate-Wars/.localdb/data/ib_buffer_pool
2026-08-04 14:55:37 0 [Note] Plugin 'FEEDBACK' is disabled.
2026-08-04 14:55:37 0 [Warning] You need to use --log-bin to make --expire-logs-days or --binlog-expire-logs-seconds work.
2026-08-04 14:55:37 0 [Note] InnoDB: Buffer pool(s) load completed at 260804 14:55:37
2026-08-04 14:55:37 0 [Note] Server socket created on IP: '127.0.0.1', port: '3306'.
2026-08-04 14:55:37 0 [Note] mariadbd: ready for connections.
Version: '10.11.14-MariaDB-0ubuntu0.24.04.1'  socket: '/home/codespace/Stargate-Wars/.localdb/run/mysqld.sock'  port: 3306  Ubuntu 24.04
